[alive] ms=158651 heap=101540 psram=7861224 wifi=3 ip=192.168.1.11 rssi=-69
[alive] ms=163658 heap=101540 psram=7861224 wifi=3 ip=192.168.1.11 rssi=-70
[alive] ms=168658 heap=101540 psram=7861224 wifi=3 ip=192.168.1.11 rssi=-71
[alive] ms=173665 heap=101488 psram=7861224 wifi=3 ip=192.168.1.11 rssi=-72
[alive] ms=178673 heap=101540 psram=7861224 wifi=3 ip=192.168.1.11 rssi=-69
[content-sync] starting
[content-sync] heap before=101540
[content-sync] manifest bytes=-1 heap parse 57308->57368 psram=7788848
[content-sync] manifest status=200 stories=10 introEnabled=1 music=0 musicEnabled=0 voice=42 games=104 modes=1111 pauses=1 variants=1
[content-sync] index v7 loaded entries=10 music=0 voice=42
[content-sync] item anban-huri v9 "?????????? ????????????" 5560991 bytes
[content-sync] anban-huri already current (index)
[content-sync] anban-huri:intro already current
[content-sync] anban-huri:question already current
[content-sync] anban-huri:question1 already current
[content-sync] anban-huri:question2 already current
[content-sync] anban-huri:summary already current
[content-sync] anban-huri:offer already current
[content-sync] anban-huri:reoffer already current
[content-sync] item hedgehog-apple v3 "???????????? ???? ????????????" 613817 bytes
[content-sync] hedgehog-apple already current (index)
[content-sync] hedgehog-apple:intro already current
[content-sync] hedgehog-apple:question already current
[content-sync] hedgehog-apple:question1 already current
[content-sync] hedgehog-apple:question2 already current
[content-sync] hedgehog-apple:summary already current
[content-sync] hedgehog-apple:offer already current
[content-sync] hedgehog-apple:reoffer already current
[content-sync] item khosogh-dzuk v10 "?????????? ??????????" 8138336 bytes
[content-sync] khosogh-dzuk already current (index)
[content-sync] khosogh-dzuk:intro already current
[content-sync] khosogh-dzuk:question already current
[content-sync] khosogh-dzuk:question1 already current
[content-sync] khosogh-dzuk:question2 already current
[content-sync] khosogh-dzuk:summary already current
[content-sync] khosogh-dzuk:offer already current
[content-sync] khosogh-dzuk:reoffer already current
[content-sync] item little-cloud v3 "???????????? ????????????" 514133 bytes
[content-sync] little-cloud already current (index)
[content-sync] little-cloud:intro already current
[content-sync] little-cloud:question already current
[content-sync] little-cloud:question1 already current
[content-sync] little-cloud:question2 already current
[content-sync] little-cloud:summary already current
[content-sync] little-cloud:offer already current
[content-sync] little-cloud:reoffer already current
[content-sync] item pochat-aghves v9 "?????????? ????????????" 5460680 bytes
[content-sync] pochat-aghves already current (index)
[content-sync] pochat-aghves:intro already current
[content-sync] pochat-aghves:question already current
[content-sync] pochat-aghves:question1 already current
[content-sync] pochat-aghves:question2 already current
[content-sync] pochat-aghves:summary already current
[content-sync] pochat-aghves:offer already current
[content-sync] pochat-aghves:reoffer already current
[content-sync] item princess-and-pea v6 "?????????????????????????? ?? ????????????????????????" 1611903 bytes
[content-sync] princess-and-pea already current (index)
[content-sync] princess-and-pea:intro already current
[content-sync] princess-and-pea:question already current
[content-sync] princess-and-pea:question1 already current
[content-sync] princess-and-pea:question2 already current
[content-sync] princess-and-pea:summary already current
[content-sync] princess-and-pea:offer already current
[content-sync] princess-and-pea:reoffer already current
[content-sync] item sutasan v6 "??????????????????" 1969258 bytes
[content-sync] sutasan already current (index)
[content-sync] sutasan:intro already current
[content-sync] sutasan:question already current
[content-sync] sutasan:question1 already current
[content-sync] sutasan:question2 already current
[content-sync] sutasan:summary already current
[content-sync] sutasan:offer already current
[content-sync] sutasan:reoffer already current
[content-sync] item sutlik-orskan v9 "?????????????? ??????????????" 3356047 bytes
[content-sync] sutlik-orskan already current (index)
[content-sync] sutlik-orskan:intro already current
[content-sync] sutlik-orskan:question already current
[content-sync] sutlik-orskan:question1 already current
[content-sync] sutlik-orskan:question2 already current
[content-sync] sutlik-orskan:summary already current
[content-sync] sutlik-orskan:offer already current
[content-sync] sutlik-orskan:reoffer already current
[content-sync] item three-piglets v6 "???????? ????????????????????" 2078973 bytes
[content-sync] three-piglets already current (index)
[content-sync] three-piglets:intro already current
[content-sync] three-piglets:question already current
[content-sync] three-piglets:question1 already current
[content-sync] three-piglets:question2 already current
[content-sync] three-piglets:summary already current
[content-sync] three-piglets:offer already current
[content-sync] three-piglets:reoffer already current
[content-sync] item ulik v12 "????????????" 2631933 bytes
[content-sync] ulik already current (index)
[content-sync] ulik:intro already current
[content-sync] ulik:question already current
[content-sync] ulik:question1 already current
[content-sync] ulik:question2 already current
[content-sync] ulik:summary already current
[content-sync] ulik:offer already current
[content-sync] ulik:reoffer already current
[content-sync] voice summary offered=42 already=42 downloaded=0 failed=0 voice_active=42
[content-sync] games phase B: 0 to download, heap=57368
[content-sync] games summary offered=104 invalid=0 already=104 downloaded=0 failed=0 truncated=0 carried=0 games_active=104
[content-sync] index written
[content-report] schema=7 stories=[anban-huri:9,hedgehog-apple:3,khosogh-dzuk:10,little-cloud:3,pochat-aghves:9,princess-and-pea:6,sutasan:6,sutlik-orskan:9,three-piglets:6,ulik:12] games=104 voice=42 music=0
[content-sync] summary manifest_items=10 accepted_items=10 invalid_items=0 duplicate_items=0 disabled_items=0 truncated_items=0 already_current=10 downloaded=0 failed=0 carried_forward=0 active_index_items=10 index_written=1
[content-sync] heap after=57368
[content-sync] PASS
[content-sync] status=ok error= streak=0 next in 21600s
[alive] ms=189978 heap=101480 psram=7861052 wifi=3 ip=192.168.1.11 rssi=-70
[heartbeat] status=200 (fw=1.3.3 bedtime=0 paused=0)
[alive] ms=194981 heap=101540 psram=7860936 wifi=3 ip=192.168.1.11 rssi=-69
[alive] ms=199983 heap=101488 psram=7860936 wifi=3 ip=192.168.1.11 rssi=-68
[alive] ms=204990 heap=101540 psram=7860936 wifi=3 ip=192.168.1.11 rssi=-69
[alive] ms=209992 heap=101540 psram=7860936 wifi=3 ip=192.168.1.11 rssi=-67
[alive] ms=214992 heap=101540 psram=7860968 wifi=3 ip=192.168.1.11 rssi=-69
[alive] ms=220000 heap=101540 psram=7860968 wifi=3 ip=192.168.1.11 rssi=-70
[alive] ms=225008 heap=101540 psram=7860968 wifi=3 ip=192.168.1.11 rssi=-70
[alive] ms=230008 heap=101540 psram=7860968 wifi=3 ip=192.168.1.11 rssi=-69
[alive] ms=235016 heap=101540 psram=7860968 wifi=3 ip=192.168.1.11 rssi=-71
[alive] ms=240023 heap=101480 psram=7860968 wifi=3 ip=192.168.1.11 rssi=-70
[alive] ms=245024 heap=101540 psram=7861224 wifi=3 ip=192.168.1.11 rssi=-74
