0
[story] SD end interrupted=false
[state] 3 -> 3
[story] SD play from byte 0
[story] SD open: /stories/pochat-aghves-v9.mp3 @ 0
[story] SD end interrupted=false
[story-report] started pochat-aghves (sd) key=b48-1 queued=1
[story-report] finished ??? event closed
[state] 3 -> 3
[post] summary/conclusion (/stories/pochat-aghves-v9-summary.mp3)
[story] SD open: /stories/pochat-aghves-v9-summary.mp3 @ 0
[story] SD end interrupted=false
[state] 3 -> 3
[post] question 1 (/stories/pochat-aghves-v9-question1.mp3)
[story] SD open: /stories/pochat-aghves-v9-question1.mp3 @ 0
[story] SD end interrupted=false
[post] listening for answer 1 (press & hold to talk)
[button] raw=DOWN
[state] 3 -> 1
[audio] record_begin
[audio] i2s_new_channel err=0/ESP_OK
[audio] i2s_channel_init_std_mode err=0/ESP_OK
[audio] i2s_channel_enable err=0/ESP_OK
[audio] record_end bytes=4608
[post] answer too short (144 ms); closing
[story] finished ??? press to play again
[state] 1 -> 0
[state] 0 -> 0
[alive] ms=162160 heap=101440 psram=7861480 wifi=3 ip=192.168.1.10 rssi=-65 btn=UP
[heartbeat] status=200 (fw=1.3.3 bedtime=0 paused=0)
[story-report] uploaded 1 event(s), 0 still queued
[menu] activity ended ??? asking what next (chain=1)
[welcome] ask ask-sgrc
[state] 0 -> 3
[story] SD open: /voice/ask-sgrc-v1.mp3 @ 0
[story] SD end interrupted=false
[welcome] listening (mode)
[button] raw=UP
[welcome] GREEN -> story
[welcome] offering from 10 already-heard stories
[story-select] index parse failed: IncompleteInput (heap=101440 psram=7820344)
[welcome] no reoffer clip for princess-and-pea ??? playing it
[welcome] playing chosen story princess-and-pea
[story] source = SD (cache)
[state] 3 -> 3
[story] intro clip (/stories/princess-and-pea-v6-intro.mp3)
[story] SD open: /stories/princess-and-pea-v6-intro.mp3 @ 0
[story] SD end interrupted=false
[state] 3 -> 3
[story] SD play from byte 0
[story] SD open: /stories/princess-and-pea-v6.mp3 @ 0
[story] SD end interrupted=false
[story-report] started princess-and-pea (sd) key=b48-2 queued=1
[story-report] finished ??? event closed
[state] 3 -> 3
[post] summary/conclusion (/stories/princess-and-pea-v6-summary.mp3)
[story] SD open: /stories/princess-and-pea-v6-summary.mp3 @ 0
[story] SD end interrupted=false
[state] 3 -> 3
[post] question 1 (/stories/princess-and-pea-v6-question1.mp3)
[story] SD open: /stories/princess-and-pea-v6-question1.mp3 @ 0
[story] SD end interrupted=false
[post] listening for answer 1 (press & hold to talk)
[post] no answer in window; closing quietly
[story] finished ??? press to play again
[state] 3 -> 0
[state] 0 -> 0
[alive] ms=204172 heap=101440 psram=7861480 wifi=3 ip=192.168.1.10 rssi=-59 btn=UP
[story-report] uploaded 1 event(s), 0 still queued
[content-sync] starting
[content-sync] heap before=101392
[content-sync] manifest bytes=-1 heap parse 57224->57224 psram=7788848
[content-sync] manifest status=200 stories=10 introEnabled=1 music=0 musicEnabled=0 voice=42 games=104 modes=1111 pauses=1 variants=1
[content-sync] index v7 loaded entries=10 music=0 voice=42
[content-sync] item anban-huri v9 "?????????? ????????????" 5560991 bytes
[content-sync] anban-huri already current (index)
[content-sync] anban-huri:intro already current
[content-sync] anban-huri:question already current
[content-sync] anban-huri:question1 already current
[content-sync] anban-huri:question2 already current
[content-sync] anban-huri:summary already current
[content-sync] anban-huri:offer already current
[content-sync] anban-huri:reoffer already current
[content-sync] item hedgehog-apple v3 "???????????? ???? ????????????" 613817 bytes
[content-sync] hedgehog-apple already current (index)
[content-sync] hedgehog-apple:intro already current
[content-sync] hedgehog-apple:question already current
[content-sync] hedgehog-apple:question1 already current
[content-sync] hedgehog-apple:question2 already current
[content-sync] hedgehog-apple:summary already current
[content-sync] hedgehog-apple:offer already current
[content-sync] hedgehog-apple:reoffer already current
[content-sync] item khosogh-dzuk v10 "?????????? ??????????" 8138336 bytes
[content-sync] khosogh-dzuk already current (index)
[content-sync] khosogh-dzuk:intro already current
[content-sync] khosogh-dzuk:question already current
[content-sync] khosogh-dzuk:question1 already current
[content-sync] khosogh-dzuk:question2 already current
[content-sync] khosogh-dzuk:summary already current
[content-sync] khosogh-dzuk:offer already current
[content-sync] khosogh-dzuk:reoffer already current
[content-sync] item little-cloud v3 "???????????? ????????????" 514133 bytes
[content-sync] little-cloud already current (index)
[content-sync] little-cloud:intro already current
[content-sync] little-cloud:question already current
[content-sync] little-cloud:question1 already current
[content-sync] little-cloud:question2 already current
[content-sync] little-cloud:summary already current
[content-sync] little-cloud:offer already current
[content-sync] little-cloud:reoffer already current
[content-sync] item pochat-aghves v9 "?????????? ????????????" 5460680 bytes
[content-sync] pochat-aghves already current (index)
[content-sync] pochat-aghves:intro already current
[content-sync] pochat-aghves:question already current
[content-sync] pochat-aghves:question1 already current
[content-sync] pochat-aghves:question2 already current
[content-sync] pochat-aghves:summary already current
[content-sync] pochat-aghves:offer already current
[content-sync] pochat-aghves:reoffer download 13% (12288/88442)
[content-sync] pochat-aghves:reoffer download 23% (20511/88442)
[content-sync] pochat-aghves:reoffer download 31% (27487/88442)
[content-sync] pochat-aghves:reoffer download 40% (35679/88442)
[content-sync] pochat-aghves:reoffer download 51% (45791/88442)
[content-sync] pochat-aghves:reoffer download 64% (56863/88442)
[content-sync] pochat-aghves:reoffer download 73% (65055/88442)
[content-sync] pochat-aghves:reoffer download 82% (73247/88442)
[content-sync] pochat-aghves:reoffer download 92% (81439/88442)
[content-sync] pochat-aghves:reoffer download 100% (88442/88442)
[content-sync] pochat-aghves:reoffer sha256 ok
[content-sync] moved /tmp/pochat-aghves-v9-reoffer.mp3.part -> /stories/pochat-aghves-v9-reoffer.mp3
[content-sync] item princess-and-pea v6 "?????????????????????????? ?? ????????????????????????" 1611903 bytes
[content-sync] princess-and-pea already current (index)
[content-sync] princess-and-pea:intro already current
[content-sync] princess-and-pea:question already current
[content-sync] princess-and-pea:question1 already current
[content-sync] princess-and-pea:question2 already current
[content-sync] princess-and-pea:summary already current
[content-sync] princess-and-pea:offer already current
[content-sync] princess-and-pea:reoffer already current
[content-sync] item sutasan v6 "??????????????????" 1969258 bytes
[content-sync] sutasan already current (index)
[content-sync] sutasan:intro already current
[content-sync] sutasan:question already current
[content-sync] sutasan:question1 already current
[content-sync] sutasan:question2 already current
[content-sync] sutasan:summary already current
[content-sync] sutasan:offer already current
[content-sync] sutasan:reoffer already current
[content-sync] item sutlik-orskan v9 "?????????????? ??????????????" 3356047 bytes
[content-sync] sutlik-orskan already current (index)
[content-sync] sutlik-orskan:intro already current
[content-sync] sutlik-orskan:question already current
[content-sync] sutlik-orskan:question1 already current
[content-sync] sutlik-orskan:question2 already current
[content-sync] sutlik-orskan:summary already current
[content-sync] sutlik-orskan:offer already current
[content-sync] sutlik-orskan:reoffer already current
[content-sync] item three-piglets v6 "???????? ????????????????????" 2078973 bytes
[content-sync] three-piglets already current (index)
[content-sync] three-piglets:intro already current
[content-sync] three-piglets:question already current
[content-sync] three-piglets:question1 already current
[content-sync] three-piglets:question2 already current
[content-sync] three-piglets:summary already current
[content-sync] three-piglets:offer already current
[content-sync] three-piglets:reoffer already current
[content-sync] item ulik v12 "????????????" 2631933 bytes
[content-sync] ulik already current (index)
[content-sync] ulik:intro already current
[content-sync] ulik:question already current
[content-sync] ulik:question1 already current
[content-sync] ulik:question2 already current
[content-sync] ulik:summary already current
[content-sync] ulik:offer already current
[content-sync] ulik:reoffer already current
[content-sync] voice summary offered=42 already=42 downloaded=0 failed=0 voice_active=42
[content-sync] games phase B: 0 to download, heap=56656
[content-sync] games summary offered=104 invalid=0 already=104 downloaded=0 failed=0 truncated=0 carried=0 games_active=104
[content-sync] index written
[content-report] schema=7 stories=[anban-huri:9,hedgehog-apple:3,khosogh-dzuk:10,little-cloud:3,pochat-aghves:9,princess-and-pea:6,sutasan:6,sutlik-orskan:9,three-piglets:6,ulik:12] games=104 voice=42 music=0
[content-sync] summary manifest_items=10 accepted_items=10 invalid_items=0 duplicate_items=0 disabled_items=0 truncated_items=0 already_current=10 downloaded=0 failed=0 carried_forward=0 active_index_items=10 index_written=1
[content-sync] heap after=56656
[content-sync] PASS
[content-sync] status=ok error= streak=0 next in 21600s
[menu] activity ended ??? asking what next (chain=2)
[welcome] ask ask-sgrc
[state] 0 -> 3
[story] SD open: /voice/ask-sgrc-v1.mp3 @ 0
[story] SD end interrupted=false
[welcome] listening (mode)
[welcome] no answer ??? closing quietly
[state] 3 -> 0
[alive] ms=235757 heap=100832 psram=7860968 wifi=3 ip=192.168.1.10 rssi=-62 btn=UP
[heartbeat] status=200 (fw=1.3.3 bedtime=0 paused=0)
[alive] ms=240764 heap=100832 psram=7860680 wifi=3 ip=192.168.1.10 rssi=-61 btn=UP
[alive] ms=245771 heap=100832 psram=7860680 wifi=3 ip=192.168.1.10 rssi=-61 btn=UP
[alive] ms=250778 heap=100832 psram=7860680 wifi=3 ip=192.168.1.10 rssi=-62 btn=UP
[alive] ms=255781 heap=100784 psram=7860680 wifi=3 ip=192.168.1.10 rssi=-61 btn=UP
[alive] ms=260781 heap=100832 psram=7860680 wifi=3 ip=192.168.1.10 rssi=-61 btn=UP
[alive] ms=265783 heap=100832 psram=7860712 wifi=3 ip=192.168.1.10 rssi=-59 btn=UP
[alive] ms=270785 heap=100832 psram=7860712 wifi=3 ip=192.168.1.10 rssi=-59 btn=UP
[alive] ms=275794 heap=100832 psram=7860712 wifi=3 ip=192.168.1.10 rssi=-63 btn=UP
[alive] ms=280795 heap=100832 psram=7860712 wifi=3 ip=192.168.1.10 rssi=-63 btn=UP
[alive] ms=285798 heap=100832 psram=7860968 wifi=3 ip=192.168.1.10 rssi=-60 btn=UP
[alive] ms=290803 heap=100832 psram=7860968 wifi=3 ip=192.168.1.10 rssi=-60 btn=UP
[heartbeat] status=200 (fw=1.3.3 bedtime=0 paused=0)
[alive] ms=298713 heap=100784 psram=7860540 wifi=3 ip=192.168.1.10 rssi=-62 btn=UP
[alive] ms=303720 heap=100832 psram=7860680 wifi=3 ip=192.168.1.10 rssi=-63 btn=UP
[alive] ms=308729 heap=100832 psram=7860680 wifi=3 ip=192.168.1.10 rssi=-62 btn=UP
[alive] ms=313732 heap=100832 psram=7860680 wifi=3 ip=192.168.1.10 rssi=-61 btn=UP
[alive] ms=318740 heap=100832 psram=7860680 wifi=3 ip=192.168.1.10 rssi=-60 btn=UP
[alive] ms=323747 heap=100832 psram=7860680 wifi=3 ip=192.168.1.10 rssi=-63 btn=UP
[alive] ms=328755 heap=100832 psram=7860712 wifi=3 ip=192.168.1.10 rssi=-61 btn=UP
[alive] ms=333757 heap=100832 psram=7860968 wifi=3 ip=192.168.1.10 rssi=-60 btn=UP
[alive] ms=338766 heap=100832 psram=7861224 wifi=3 ip=192.168.1.10 rssi=-60 btn=UP
[alive] ms=343773 heap=100832 psram=7861224 wifi=3 ip=192.168.1.10 rssi=-60 btn=UP
[alive] ms=348774 heap=100832 psram=7861224 wifi=3 ip=192.168.1.10 rssi=-63 btn=UP
[alive] ms=353779 heap=100784 psram=7861224 wifi=3 ip=192.168.1.10 rssi=-62 btn=UP
[heartbeat] status=200 (fw=1.3.3 bedtime=0 paused=0)
[alive] ms=358786 heap=100832 psram=7861052 wifi=3 ip=192.168.1.10 rssi=-60 btn=UP
