 no reoffer clip for sutlik-orskan ??? playing it
[story-select] sutlik-orskan present but not usable
[welcome] chosen story sutlik-orskan did not resolve ??? normal selection
[story] selected sutlik-orskan (9 eligible)
[story] source = SD (cache)
[state] 0 -> 3
[story] intro clip (/stories/sutlik-orskan-v9-intro.mp3)
[story] SD open: /stories/sutlik-orskan-v9-intro.mp3 @ 0
[story] SD open failed: /stories/sutlik-orskan-v9-intro.mp3
[state] 3 -> 3
[story] SD play from byte 0
[story] SD open: /stories/sutlik-orskan-v9.mp3 @ 0
[story] SD end interrupted=false
[story-report] started sutlik-orskan (sd) key=b54-1 queued=1
[story-report] finished ??? event closed
[story-select] index parse failed: IncompleteInput (heap=97248 psram=7820572)
[menu] ask clip missing ??? not opening the menu
[story] finished ??? press to play again
[state] 3 -> 0
[state] 0 -> 0
[alive] ms=26279 heap=97248 psram=7861416 wifi=3 ip=192.168.1.10 rssi=-62 btn=UP
[ota] boot poll (fw=1.3.3 build=hold-to-menu board=areg-s3-n8 partition=app0)
[story-report] uploaded 1 event(s), 0 still queued
[content-sync] resuming with fail streak=2 ??? first attempt deferred to ms>=1080000
[content-sync] bench fw built Aug 30 2026 16:35:56
[content-sync] enabled; waiting for WiFi+SD; will start at ms>=180000
[sd-selftest] /stories/khosogh-dzuk-v10.mp3 pass1=2097152 B 432 KB/s pass2=2097152 B 432 KB/s
[sd-selftest] PASS -- both reads identical (51f02da5a636...)
[alive] ms=42431 heap=96748 psram=7861192 wifi=3 ip=192.168.1.10 rssi=-62 btn=UP
[alive] ms=47431 heap=96796 psram=7861192 wifi=3 ip=192.168.1.10 rssi=-63 btn=UP
[alive] ms=52438 heap=96796 psram=7861192 wifi=3 ip=192.168.1.10 rssi=-64 btn=UP
